---
source: src/tui/markdown_render.rs
expression: render_to_string(md)
---
B+U(# )B+U(Overview)

This is a B(bold) statement with I(emphasis).

B(## )B(Steps)

1. Install with cargo install rara
2. Run rara init

  rust
// example code
fn main() {
    println!("ready");
}

> Note: this is important.

- [x] done task
- [ ] pending
