---
source: src/tui/render/cells/cells_tests/active_plan.rs
expression: rendered
---
# You
  Review the codebase and propose changes

• Updated Plan
  └ The current discovery path is hardcoded and should be generalized.
    · Generalize instruction discovery
    · Preserve cache and path resolution behavior

# Awaiting Approval
  Plan ready for implementation.
  
  1. Start implementation now
  2. Continue planning and refine the plan
  1 start implementation  2 continue planning
