---
source: src/tui/render/cells/cells_tests/active_plan.rs
expression: rendered
---
# You
  Review the codebase and propose changes

• Updated Plan
  └ The current discovery path is hardcoded and should be generalized.
    · Generalize instruction discovery
    · Preserve cache and path resolution behavior

# Awaiting Approval
  Responding via dock — use keys shown above the input.
