---
source: src/tui/render/tests.rs
expression: rendered
---
── RARA ──────────────────────────────────────────────────

model · -                               /model to change
dir   · ~/rara
Ready.
──
Type a message to start a task or run a local command.
  ┌ Resumable Sessions ──────────────────────────────────────────────────────┐
St│Select a past session to resume.                                          │
  └──────────────────────────────────────────────────────────────────────────┘
  │[1] sess-abc123 / openai-compatible  branch=master                        │
  │     https://github.com/pingcap/tidb/issues/67363 看 一 下 这 个 issue         │
  │                                                                          │
  │[2] sess-def456 / anthropic  branch=feat/resume                           │
Pr│     把 resume picker改 得 像 Codex                                           │
Re│                                                                          │
› │                                                                          │
                1-9 jump  Up/Down/jk move  Enter apply  Esc back
