---
source: src/tui/render/tests.rs
expression: rendered
---
── RARA ──────────────────────────────────────────────────

model · -                               /model to change
dir   · ~/devel/opensource/rara
Ready.        ┌ Provider ────────────────────────────────────────────────────────────┐
──            │Select a provider family.                                             │
Type a message└──────────────────────────────────────────────────────────────────────┘
              │[1] Codex (current)                                                   │
Start with:   │[2] DeepSeek                                                          │
  /help    bro│[3] OpenAI-compatible                                                 │
  /model   cho│[4] Gemini                                                            │
  /status  ins│[5] Candle Local                                                      │
  /quit    lea│[6] Ollama                                                            │
              │[7] Bedrock                                                           │
Prompt ideas: │                                                                      │
  · Explain th│                                                                      │
  · Find the m│                                                                      │
              │                                                                      │
                          1-9 jump  Up/Down/jk move  Enter apply  Esc back
Ready  waiting
› Ask about the repo, request a code change, or type /help to browse commands.
