---
source: src/tui/render/tests.rs
assertion_line: 1187
expression: rendered
---
── RARA ──────────────────────────────────────────────────

model · -                               /model to change
dir   · /workspace/rara
Ready.
──
Type a message to start a task or run a local command.
  ┌ All Models ──────────────────────────────────────────────────────────────┐
St│Select a model across all providers.                                      │
  │›  [1] DeepSeek/deepseek-chat                                             │
  │   [2] DeepSeek/deepseek-reasoner                                         │
  │   [3] DeepSeek/deepseek-v4-flash                                         │
  │   [4] DeepSeek/deepseek-v4-pro                                           │
  │   [5] My Custom GPT/gpt-custom                                           │
Pr│   [6] Custom endpoint/Custom endpoint                                    │
Re│   [7] DeepSeek/DeepSeek                                                  │
› │   [8] Kimi/Kimi                                                          │
  │1-9 jump  Up/Down/jk move  Enter apply  Esc back                          │
  └──────────────────────────────────────────────────────────────────────────┘
