---
source: src/tui/render/tests.rs
expression: rendered
---
Context Usage

  model          anthropic/claude-sonnet-4
  auxiliary      anthropic/claude-sonnet-4 (fallback)
  window         200.0k tokens
  ░░░░□□□□□□□□□□□□□□□□□□□□□□□□□□□□□□□□□□□□□□□□□□□□□□□□□□□□□□□□□□□□□□□□□□□□
  10.2k / 200.0k  5.1% used

Budget Breakdown

  System prompt  1.2k (0.60%)
  Workspace      320 (0.16%)
  Active turn    280 (0.14%)
  History        140 (0.07%)
  Memory         96 (0.05%)
  Output reserve 8.2k (4.10%)
  Free           189.8k (94.89%)

Session

  cwd            /workspace/rara
  branch         main
  session        session-abc
  history        42 msgs  0 entries

Observability

  cache          hit=0 miss=0 rate=-

Compaction

  estimated      12.0k tokens
  threshold      180.0k tokens
  count          1
  last           12.0k → 4.5k tokens

Active Turn

  mode           execute
  step 0         [pending] Implement /context
Stable Instructions

  project_instruction AGENTS.md  240 tokens

Active Memory Inputs

  workspace_memory .rara/memory.md  64 tokens
