---
source: src/tui/render/tests.rs
assertion_line: 566
expression: rendered
---
╭──────────────────────────────────────────────────────────╮
│ >_ RARA                                                  │
│                                                          │
│ model:     gpt-4o-mini                  /model to change │
│ directory: ~/devel/opensource/rara                       │
╰──────────────────────────────────────────────────────────╯
Ready.
Use the input bar below to start a task or run a local command.

Start with:
  /help    browse built-in commands and runtime hints
  /model   choose provider first, then switch models
  /status  inspect runtime, tokens, cache, and session
  /quit    leave the TUI and restore the terminal

Prompt ideas:
  Explain this repository structure.
  Find the main agent loop and summarize it.

Warning  Warning: openai-compatible is missing an API key. Use /model to configure the current provi
› Ask about the repo, request a code change, or type /help to browse commands.


                                                                                              
