---
source: src/tui/render/tests.rs
assertion_line: 1187
expression: rendered
---
── RARA ──────────────────────────────────────────────────

model · -                               /model to change
dir   · /workspace/rara
Ready.
──
Type a message to start a task or run a local command.
  ┌ All Models ──────────────────────────────────────────────────────────────┐
St│Select a model across all providers.                                      │
  └──────────────────────────────────────────────────────────────────────────┘
  │Codex/gpt-4o                                                              │
  │DeepSeek/deepseek-v3                                                      │
  │DeepSeek/deepseek-chat                                                    │
  │DeepSeek/deepseek-reasoner                                                │
Pr│My Custom GPT/gpt-custom                                                  │
Re│Gemini/Gemini 3 Flash                                                     │
› │Local/Gemma 4 E4B (Experimental) (alpha)                                  │
                     Up/Down/jk move  Enter apply  Esc back
